SQL> select currentdate "Date" from dual;
select currentdate "Date" from dual
       *
ERROR at line 1:
ORA-00904: "CURRENTDATE": invalid identifier 


SQL> select current_date "Date" from dual;

Date                                                                            
---------                                                                       
31-DEC-19                                                                       

SQL> select employee_id, last_name, salary, round(salary * 1.5) as "New Salary
  2  from employees;
ERROR:
ORA-01740: missing double quote in identifier 


SQL> select employee_id, last_name, salary, round(salary * 1.5) as "New Salary"
  2  from employees;

EMPLOYEE_ID LAST_NAME                     SALARY New Salary                     
----------- ------------------------- ---------- ----------                     
        100 King                           24000      36000                     
        101 Kochhar                        17000      25500                     
        102 De Haan                        17000      25500                     
        103 Hunold                          9000      13500                     
        104 Ernst                           6000       9000                     
        105 Austin                          4800       7200                     
        106 Pataballa                       4800       7200                     
        107 Lorentz                         4200       6300                     
        108 Greenberg                      12008      18012                     
        109 Faviet                          9000      13500                     
        110 Chen                            8200      12300                     

EMPLOYEE_ID LAST_NAME                     SALARY New Salary                     
----------- ------------------------- ---------- ----------                     
        111 Sciarra                         7700      11550                     
        112 Urman                           7800      11700                     
        113 Popp                            6900      10350                     
        114 Raphaely                       11000      16500                     
        115 Khoo                            3100       4650                     
        116 Baida                           2900       4350                     
        117 Tobias                          2800       4200                     
        118 Himuro                          2600       3900                     
        119 Colmenares                      2500       3750                     
        120 Weiss                           8000      12000                     
        121 Fripp                           8200      12300                     

EMPLOYEE_ID LAST_NAME                     SALARY New Salary                     
----------- ------------------------- ---------- ----------                     
        122 Kaufling                        7900      11850                     
        123 Vollman                         6500       9750                     
        124 Mourgos                         5800       8700                     
        125 Nayer                           3200       4800                     
        126 Mikkilineni                     2700       4050                     
        127 Landry                          2400       3600                     
        128 Markle                          2200       3300                     
        129 Bissot                          3300       4950                     
        130 Atkinson                        2800       4200                     
        131 Marlow                          2500       3750                     
        132 Olson                           2100       3150                     

EMPLOYEE_ID LAST_NAME                     SALARY New Salary                     
----------- ------------------------- ---------- ----------                     
        133 Mallin                          3300       4950                     
        134 Rogers                          2900       4350                     
        135 Gee                             2400       3600                     
        136 Philtanker                      2200       3300                     
        137 Ladwig                          3600       5400                     
        138 Stiles                          3200       4800                     
        139 Seo                             2700       4050                     
        140 Patel                           2500       3750                     
        141 Rajs                            3500       5250                     
        142 Davies                          3100       4650                     
        143 Matos                           2600       3900                     

EMPLOYEE_ID LAST_NAME                     SALARY New Salary                     
----------- ------------------------- ---------- ----------                     
        144 Vargas                          2500       3750                     
        145 Russell                        14000      21000                     
        146 Partners                       13500      20250                     
        147 Errazuriz                      12000      18000                     
        148 Cambrault                      11000      16500                     
        149 Zlotkey                        10500      15750                     
        150 Tucker                         10000      15000                     
        151 Bernstein                       9500      14250                     
        152 Hall                            9000      13500                     
        153 Olsen                           8000      12000                     
        154 Cambrault                       7500      11250                     

EMPLOYEE_ID LAST_NAME                     SALARY New Salary                     
----------- ------------------------- ---------- ----------                     
        155 Tuvault                         7000      10500                     
        156 King                           10000      15000                     
        157 Sully                           9500      14250                     
        158 McEwen                          9000      13500                     
        159 Smith                           8000      12000                     
        160 Doran                           7500      11250                     
        161 Sewall                          7000      10500                     
        162 Vishney                        10500      15750                     
        163 Greene                          9500      14250                     
        164 Marvins                         7200      10800                     
        165 Lee                             6800      10200                     

EMPLOYEE_ID LAST_NAME                     SALARY New Salary                     
----------- ------------------------- ---------- ----------                     
        166 Ande                            6400       9600                     
        167 Banda                           6200       9300                     
        168 Ozer                           11500      17250                     
        169 Bloom                          10000      15000                     
        170 Fox                             9600      14400                     
        171 Smith                           7400      11100                     
        172 Bates                           7300      10950                     
        173 Kumar                           6100       9150                     
        174 Abel                           11000      16500                     
        175 Hutton                          8800      13200                     
        176 Taylor                          8600      12900                     

EMPLOYEE_ID LAST_NAME                     SALARY New Salary                     
----------- ------------------------- ---------- ----------                     
        177 Livingston                      8400      12600                     
        178 Grant                           7000      10500                     
        179 Johnson                         6200       9300                     
        180 Taylor                          3200       4800                     
        181 Fleaur                          3100       4650                     
        182 Sullivan                        2500       3750                     
        183 Geoni                           2800       4200                     
        184 Sarchand                        4200       6300                     
        185 Bull                            4100       6150                     
        186 Dellinger                       3400       5100                     
        187 Cabrio                          3000       4500                     

EMPLOYEE_ID LAST_NAME                     SALARY New Salary                     
----------- ------------------------- ---------- ----------                     
        188 Chung                           3800       5700                     
        189 Dilly                           3600       5400                     
        190 Gates                           2900       4350                     
        191 Perkins                         2500       3750                     
        192 Bell                            4000       6000                     
        193 Everett                         3900       5850                     
        194 McCain                          3200       4800                     
        195 Jones                           2800       4200                     
        196 Walsh                           3100       4650                     
        197 Feeney                          3000       4500                     
        198 OConnell                        2600       3900                     

EMPLOYEE_ID LAST_NAME                     SALARY New Salary                     
----------- ------------------------- ---------- ----------                     
        199 Grant                           2600       3900                     
        200 Whalen                          4400       6600                     
        201 Hartstein                      13000      19500                     
        202 Fay                             6000       9000                     
        203 Mavris                          6500       9750                     
        204 Baer                           10000      15000                     
        205 Higgins                        12008      18012                     
        206 Gietz                           8300      12450                     

107 rows selected.

SQL> save E:\Srish_Lab\NextecAssignments\Day2_31Dec2019\lab3_2.sql
Created file E:\Srish_Lab\NextecAssignments\Day2_31Dec2019\lab3_2.sql
SQL> @ E:\Srish_Lab\NextecAssignments\Day2_31Dec2019\lab3_2.sql

EMPLOYEE_ID LAST_NAME                     SALARY New Salary                     
----------- ------------------------- ---------- ----------                     
        100 King                           24000      36000                     
        101 Kochhar                        17000      25500                     
        102 De Haan                        17000      25500                     
        103 Hunold                          9000      13500                     
        104 Ernst                           6000       9000                     
        105 Austin                          4800       7200                     
        106 Pataballa                       4800       7200                     
        107 Lorentz                         4200       6300                     
        108 Greenberg                      12008      18012                     
        109 Faviet                          9000      13500                     
        110 Chen                            8200      12300                     

EMPLOYEE_ID LAST_NAME                     SALARY New Salary                     
----------- ------------------------- ---------- ----------                     
        111 Sciarra                         7700      11550                     
        112 Urman                           7800      11700                     
        113 Popp                            6900      10350                     
        114 Raphaely                       11000      16500                     
        115 Khoo                            3100       4650                     
        116 Baida                           2900       4350                     
        117 Tobias                          2800       4200                     
        118 Himuro                          2600       3900                     
        119 Colmenares                      2500       3750                     
        120 Weiss                           8000      12000                     
        121 Fripp                           8200      12300                     

EMPLOYEE_ID LAST_NAME                     SALARY New Salary                     
----------- ------------------------- ---------- ----------                     
        122 Kaufling                        7900      11850                     
        123 Vollman                         6500       9750                     
        124 Mourgos                         5800       8700                     
        125 Nayer                           3200       4800                     
        126 Mikkilineni                     2700       4050                     
        127 Landry                          2400       3600                     
        128 Markle                          2200       3300                     
        129 Bissot                          3300       4950                     
        130 Atkinson                        2800       4200                     
        131 Marlow                          2500       3750                     
        132 Olson                           2100       3150                     

EMPLOYEE_ID LAST_NAME                     SALARY New Salary                     
----------- ------------------------- ---------- ----------                     
        133 Mallin                          3300       4950                     
        134 Rogers                          2900       4350                     
        135 Gee                             2400       3600                     
        136 Philtanker                      2200       3300                     
        137 Ladwig                          3600       5400                     
        138 Stiles                          3200       4800                     
        139 Seo                             2700       4050                     
        140 Patel                           2500       3750                     
        141 Rajs                            3500       5250                     
        142 Davies                          3100       4650                     
        143 Matos                           2600       3900                     

EMPLOYEE_ID LAST_NAME                     SALARY New Salary                     
----------- ------------------------- ---------- ----------                     
        144 Vargas                          2500       3750                     
        145 Russell                        14000      21000                     
        146 Partners                       13500      20250                     
        147 Errazuriz                      12000      18000                     
        148 Cambrault                      11000      16500                     
        149 Zlotkey                        10500      15750                     
        150 Tucker                         10000      15000                     
        151 Bernstein                       9500      14250                     
        152 Hall                            9000      13500                     
        153 Olsen                           8000      12000                     
        154 Cambrault                       7500      11250                     

EMPLOYEE_ID LAST_NAME                     SALARY New Salary                     
----------- ------------------------- ---------- ----------                     
        155 Tuvault                         7000      10500                     
        156 King                           10000      15000                     
        157 Sully                           9500      14250                     
        158 McEwen                          9000      13500                     
        159 Smith                           8000      12000                     
        160 Doran                           7500      11250                     
        161 Sewall                          7000      10500                     
        162 Vishney                        10500      15750                     
        163 Greene                          9500      14250                     
        164 Marvins                         7200      10800                     
        165 Lee                             6800      10200                     

EMPLOYEE_ID LAST_NAME                     SALARY New Salary                     
----------- ------------------------- ---------- ----------                     
        166 Ande                            6400       9600                     
        167 Banda                           6200       9300                     
        168 Ozer                           11500      17250                     
        169 Bloom                          10000      15000                     
        170 Fox                             9600      14400                     
        171 Smith                           7400      11100                     
        172 Bates                           7300      10950                     
        173 Kumar                           6100       9150                     
        174 Abel                           11000      16500                     
        175 Hutton                          8800      13200                     
        176 Taylor                          8600      12900                     

EMPLOYEE_ID LAST_NAME                     SALARY New Salary                     
----------- ------------------------- ---------- ----------                     
        177 Livingston                      8400      12600                     
        178 Grant                           7000      10500                     
        179 Johnson                         6200       9300                     
        180 Taylor                          3200       4800                     
        181 Fleaur                          3100       4650                     
        182 Sullivan                        2500       3750                     
        183 Geoni                           2800       4200                     
        184 Sarchand                        4200       6300                     
        185 Bull                            4100       6150                     
        186 Dellinger                       3400       5100                     
        187 Cabrio                          3000       4500                     

EMPLOYEE_ID LAST_NAME                     SALARY New Salary                     
----------- ------------------------- ---------- ----------                     
        188 Chung                           3800       5700                     
        189 Dilly                           3600       5400                     
        190 Gates                           2900       4350                     
        191 Perkins                         2500       3750                     
        192 Bell                            4000       6000                     
        193 Everett                         3900       5850                     
        194 McCain                          3200       4800                     
        195 Jones                           2800       4200                     
        196 Walsh                           3100       4650                     
        197 Feeney                          3000       4500                     
        198 OConnell                        2600       3900                     

EMPLOYEE_ID LAST_NAME                     SALARY New Salary                     
----------- ------------------------- ---------- ----------                     
        199 Grant                           2600       3900                     
        200 Whalen                          4400       6600                     
        201 Hartstein                      13000      19500                     
        202 Fay                             6000       9000                     
        203 Mavris                          6500       9750                     
        204 Baer                           10000      15000                     
        205 Higgins                        12008      18012                     
        206 Gietz                           8300      12450                     

107 rows selected.

SQL> select employee_id, last_name, salary, round(salary * 1.5) as "New Salary", round(salary * 1.5 - salary) "Increase"
  2  from employees;

EMPLOYEE_ID LAST_NAME                     SALARY New Salary   Increase          
----------- ------------------------- ---------- ---------- ----------          
        100 King                           24000      36000      12000          
        101 Kochhar                        17000      25500       8500          
        102 De Haan                        17000      25500       8500          
        103 Hunold                          9000      13500       4500          
        104 Ernst                           6000       9000       3000          
        105 Austin                          4800       7200       2400          
        106 Pataballa                       4800       7200       2400          
        107 Lorentz                         4200       6300       2100          
        108 Greenberg                      12008      18012       6004          
        109 Faviet                          9000      13500       4500          
        110 Chen                            8200      12300       4100          

EMPLOYEE_ID LAST_NAME                     SALARY New Salary   Increase          
----------- ------------------------- ---------- ---------- ----------          
        111 Sciarra                         7700      11550       3850          
        112 Urman                           7800      11700       3900          
        113 Popp                            6900      10350       3450          
        114 Raphaely                       11000      16500       5500          
        115 Khoo                            3100       4650       1550          
        116 Baida                           2900       4350       1450          
        117 Tobias                          2800       4200       1400          
        118 Himuro                          2600       3900       1300          
        119 Colmenares                      2500       3750       1250          
        120 Weiss                           8000      12000       4000          
        121 Fripp                           8200      12300       4100          

EMPLOYEE_ID LAST_NAME                     SALARY New Salary   Increase          
----------- ------------------------- ---------- ---------- ----------          
        122 Kaufling                        7900      11850       3950          
        123 Vollman                         6500       9750       3250          
        124 Mourgos                         5800       8700       2900          
        125 Nayer                           3200       4800       1600          
        126 Mikkilineni                     2700       4050       1350          
        127 Landry                          2400       3600       1200          
        128 Markle                          2200       3300       1100          
        129 Bissot                          3300       4950       1650          
        130 Atkinson                        2800       4200       1400          
        131 Marlow                          2500       3750       1250          
        132 Olson                           2100       3150       1050          

EMPLOYEE_ID LAST_NAME                     SALARY New Salary   Increase          
----------- ------------------------- ---------- ---------- ----------          
        133 Mallin                          3300       4950       1650          
        134 Rogers                          2900       4350       1450          
        135 Gee                             2400       3600       1200          
        136 Philtanker                      2200       3300       1100          
        137 Ladwig                          3600       5400       1800          
        138 Stiles                          3200       4800       1600          
        139 Seo                             2700       4050       1350          
        140 Patel                           2500       3750       1250          
        141 Rajs                            3500       5250       1750          
        142 Davies                          3100       4650       1550          
        143 Matos                           2600       3900       1300          

EMPLOYEE_ID LAST_NAME                     SALARY New Salary   Increase          
----------- ------------------------- ---------- ---------- ----------          
        144 Vargas                          2500       3750       1250          
        145 Russell                        14000      21000       7000          
        146 Partners                       13500      20250       6750          
        147 Errazuriz                      12000      18000       6000          
        148 Cambrault                      11000      16500       5500          
        149 Zlotkey                        10500      15750       5250          
        150 Tucker                         10000      15000       5000          
        151 Bernstein                       9500      14250       4750          
        152 Hall                            9000      13500       4500          
        153 Olsen                           8000      12000       4000          
        154 Cambrault                       7500      11250       3750          

EMPLOYEE_ID LAST_NAME                     SALARY New Salary   Increase          
----------- ------------------------- ---------- ---------- ----------          
        155 Tuvault                         7000      10500       3500          
        156 King                           10000      15000       5000          
        157 Sully                           9500      14250       4750          
        158 McEwen                          9000      13500       4500          
        159 Smith                           8000      12000       4000          
        160 Doran                           7500      11250       3750          
        161 Sewall                          7000      10500       3500          
        162 Vishney                        10500      15750       5250          
        163 Greene                          9500      14250       4750          
        164 Marvins                         7200      10800       3600          
        165 Lee                             6800      10200       3400          

EMPLOYEE_ID LAST_NAME                     SALARY New Salary   Increase          
----------- ------------------------- ---------- ---------- ----------          
        166 Ande                            6400       9600       3200          
        167 Banda                           6200       9300       3100          
        168 Ozer                           11500      17250       5750          
        169 Bloom                          10000      15000       5000          
        170 Fox                             9600      14400       4800          
        171 Smith                           7400      11100       3700          
        172 Bates                           7300      10950       3650          
        173 Kumar                           6100       9150       3050          
        174 Abel                           11000      16500       5500          
        175 Hutton                          8800      13200       4400          
        176 Taylor                          8600      12900       4300          

EMPLOYEE_ID LAST_NAME                     SALARY New Salary   Increase          
----------- ------------------------- ---------- ---------- ----------          
        177 Livingston                      8400      12600       4200          
        178 Grant                           7000      10500       3500          
        179 Johnson                         6200       9300       3100          
        180 Taylor                          3200       4800       1600          
        181 Fleaur                          3100       4650       1550          
        182 Sullivan                        2500       3750       1250          
        183 Geoni                           2800       4200       1400          
        184 Sarchand                        4200       6300       2100          
        185 Bull                            4100       6150       2050          
        186 Dellinger                       3400       5100       1700          
        187 Cabrio                          3000       4500       1500          

EMPLOYEE_ID LAST_NAME                     SALARY New Salary   Increase          
----------- ------------------------- ---------- ---------- ----------          
        188 Chung                           3800       5700       1900          
        189 Dilly                           3600       5400       1800          
        190 Gates                           2900       4350       1450          
        191 Perkins                         2500       3750       1250          
        192 Bell                            4000       6000       2000          
        193 Everett                         3900       5850       1950          
        194 McCain                          3200       4800       1600          
        195 Jones                           2800       4200       1400          
        196 Walsh                           3100       4650       1550          
        197 Feeney                          3000       4500       1500          
        198 OConnell                        2600       3900       1300          

EMPLOYEE_ID LAST_NAME                     SALARY New Salary   Increase          
----------- ------------------------- ---------- ---------- ----------          
        199 Grant                           2600       3900       1300          
        200 Whalen                          4400       6600       2200          
        201 Hartstein                      13000      19500       6500          
        202 Fay                             6000       9000       3000          
        203 Mavris                          6500       9750       3250          
        204 Baer                           10000      15000       5000          
        205 Higgins                        12008      18012       6004          
        206 Gietz                           8300      12450       4150          

107 rows selected.

SQL> save E:\Srish_Lab\NextecAssignments\Day2_31Dec2019\prac3_4.sql
Created file E:\Srish_Lab\NextecAssignments\Day2_31Dec2019\prac3_4.sql
SQL> select initCap(last_name), CASE when last_name LIKE 'J%' then sum(length(last_name)),
  2  				CASE when last_name LIKE 'A%' then sum(length(last_name)),
  3  				CASE when last_name LIKE 'M%' then sum(length(last_name)) END
  4  from employees
  5  group by last_name;
select initCap(last_name), CASE when last_name LIKE 'J%' then sum(length(last_name)),
                                                                                    *
ERROR at line 1:
ORA-00905: missing keyword 


SQL> select initcap(last_name) last_name, length(last_name) length
  2  from employees
  3  where last_name LIKE 'J%' or last_name LIKE 'A%' or last_name LIKE 'M%'
  4  order by 1;

LAST_NAME                     LENGTH                                            
------------------------- ----------                                            
Abel                               4                                            
Ande                               4                                            
Atkinson                           8                                            
Austin                             6                                            
Johnson                            7                                            
Jones                              5                                            
Mallin                             6                                            
Markle                             6                                            
Marlow                             6                                            
Marvins                            7                                            
Matos                              5                                            

LAST_NAME                     LENGTH                                            
------------------------- ----------                                            
Mavris                             6                                            
Mccain                             6                                            
Mcewen                             6                                            
Mikkilineni                       11                                            
Mourgos                            7                                            

16 rows selected.

SQL> select last_name, MONTHS_BETWEEN(sysdate, hire_date) months_worked from employees
  2  order by 2;

LAST_NAME                 MONTHS_WORKED                                         
------------------------- -------------                                         
Kumar                        140.339657                                         
Banda                        140.339657                                         
Ande                         141.242883                                         
Markle                       141.759012                                         
Lee                          142.275141                                         
Philtanker                   142.823528                                         
Geoni                        142.920302                                         
Zlotkey                      143.081593                                         
Marvins                      143.242883                                         
Grant                        143.597722                                         
Johnson                      143.888044                                         

LAST_NAME                 MONTHS_WORKED                                         
------------------------- -------------                                         
Perkins                      144.404173                                         
Gee                           144.62998                                         
Popp                          144.79127                                         
Tuvault                      145.275141                                         
Mourgos                      145.500948                                         
Cambrault                    146.533206                                         
Colmenares                   148.694496                                         
OConnell                     150.339657                                         
Sullivan                     150.339657                                         
Grant                        151.242883                                         
Ernst                        151.339657                                         

LAST_NAME                 MONTHS_WORKED                                         
------------------------- -------------                                         
Olson                        152.694496                                         
Bates                        153.242883                                         
Greene                       153.404173                                         
Jones                         153.46869                                         
Smith                        154.275141                                         
Cabrio                        154.79127                                         
Lorentz                       154.79127                                         
Landry                       155.565464                                         
Cambrault                    156.726754                                         
Himuro                       157.533206                                         
Sewall                       157.920302                                         

LAST_NAME                 MONTHS_WORKED                                         
------------------------- -------------                                         
Mikkilineni                  159.113851                                         
Rogers                       160.178367                                         
Gates                        161.662238                                         
Vargas                       161.726754                                         
McCain                       161.984819                                         
Dellinger                    162.242883                                         
Feeney                       163.275141                                         
Walsh                        164.242883                                         
Livingston                   164.275141                                         
Patel                        164.823528                                         
Olsen                        165.049335                                         

LAST_NAME                 MONTHS_WORKED                                         
------------------------- -------------                                         
Taylor                       165.242883                                         
Bloom                        165.275141                                         
Matos                        165.533206                                         
Urman                         165.79127                                         
Fleaur                       166.275141                                         
Seo                           166.62998                                         
Pataballa                    166.855786                                         
Fox                          167.242883                                         
Taylor                       167.242883                                         
Hunold                       167.920302                                         
Baida                        168.242883                                         

LAST_NAME                 MONTHS_WORKED                                         
------------------------- -------------                                         
Doran                        168.533206                                         
Vishney                      169.662238                                         
Atkinson                     170.049335                                         
Stiles                       170.178367                                         
Vollman                      170.694496                                         
Sciarra                             171                                         
Chen                         171.113851                                         
Kochhar                      171.339657                                         
Bissot                       172.371915                                         
Hall                         172.371915                                         
Fay                           172.46869                                         

LAST_NAME                 MONTHS_WORKED                                         
------------------------- -------------                                         
Dilly                        172.597722                                         
Tobias                       173.242883                                         
Nayer                        173.500948                                         
Austin                       174.210625                                         
Chung                        174.565464                                         
Fripp                        176.694496                                         
Bernstein                    177.242883                                         
Hutton                       177.404173                                         
Ozer                         177.662238                                         
Errazuriz                    177.694496                                         
Smith                        177.694496                                         

LAST_NAME                 MONTHS_WORKED                                         
------------------------- -------------                                         
Everett                      177.920302                                         
Bull                         178.371915                                         
Marlow                       178.500948                                         
Tucker                       179.049335                                         
Davies                       179.081593                                         
Partners                     179.855786                                         
Russell                      182.984819                                         
McEwen                       184.984819                                         
Weiss                        185.436431                                         
Mallin                       186.565464                                         
Abel                         187.662238                                         

LAST_NAME                 MONTHS_WORKED                                         
------------------------- -------------                                         
Sully                        189.888044                                         
Hartstein                     190.46869                                         
Bell                         190.888044                                         
King                         191.049335                                         
Sarchand                     191.146109                                         
Rajs                          194.46869                                         
Whalen                        195.46869                                         
Ladwig                       197.565464                                         
King                          198.46869                                         
Khoo                         199.436431                                         
Kaufling                     199.984819                                         

LAST_NAME                 MONTHS_WORKED                                         
------------------------- -------------                                         
Raphaely                      204.79127                                         
Greenberg                     208.46869                                         
Faviet                       208.500948                                         
Gietz                         210.79127                                         
Mavris                        210.79127                                         
Baer                          210.79127                                         
Higgins                       210.79127                                         
De Haan                      227.597722                                         

107 rows selected.

SQL> select last_name, round(MONTHS_BETWEEN(sysdate, hire_date)) months_worked from employees
  2  order by 2;

LAST_NAME                 MONTHS_WORKED                                         
------------------------- -------------                                         
Banda                               140                                         
Kumar                               140                                         
Ande                                141                                         
Markle                              142                                         
Lee                                 142                                         
Philtanker                          143                                         
Zlotkey                             143                                         
Marvins                             143                                         
Geoni                               143                                         
Johnson                             144                                         
Perkins                             144                                         

LAST_NAME                 MONTHS_WORKED                                         
------------------------- -------------                                         
Grant                               144                                         
Popp                                145                                         
Gee                                 145                                         
Tuvault                             145                                         
Mourgos                             146                                         
Cambrault                           147                                         
Colmenares                          149                                         
Sullivan                            150                                         
OConnell                            150                                         
Ernst                               151                                         
Grant                               151                                         

LAST_NAME                 MONTHS_WORKED                                         
------------------------- -------------                                         
Olson                               153                                         
Greene                              153                                         
Bates                               153                                         
Jones                               153                                         
Smith                               154                                         
Lorentz                             155                                         
Cabrio                              155                                         
Landry                              156                                         
Cambrault                           157                                         
Himuro                              158                                         
Sewall                              158                                         

LAST_NAME                 MONTHS_WORKED                                         
------------------------- -------------                                         
Mikkilineni                         159                                         
Rogers                              160                                         
Vargas                              162                                         
Dellinger                           162                                         
Gates                               162                                         
McCain                              162                                         
Feeney                              163                                         
Livingston                          164                                         
Walsh                               164                                         
Patel                               165                                         
Olsen                               165                                         

LAST_NAME                 MONTHS_WORKED                                         
------------------------- -------------                                         
Bloom                               165                                         
Taylor                              165                                         
Urman                               166                                         
Matos                               166                                         
Fleaur                              166                                         
Pataballa                           167                                         
Seo                                 167                                         
Fox                                 167                                         
Taylor                              167                                         
Hunold                              168                                         
Baida                               168                                         

LAST_NAME                 MONTHS_WORKED                                         
------------------------- -------------                                         
Doran                               169                                         
Atkinson                            170                                         
Stiles                              170                                         
Vishney                             170                                         
Kochhar                             171                                         
Chen                                171                                         
Sciarra                             171                                         
Vollman                             171                                         
Bissot                              172                                         
Hall                                172                                         
Fay                                 172                                         

LAST_NAME                 MONTHS_WORKED                                         
------------------------- -------------                                         
Tobias                              173                                         
Dilly                               173                                         
Austin                              174                                         
Nayer                               174                                         
Chung                               175                                         
Fripp                               177                                         
Bernstein                           177                                         
Hutton                              177                                         
Errazuriz                           178                                         
Smith                               178                                         
Ozer                                178                                         

LAST_NAME                 MONTHS_WORKED                                         
------------------------- -------------                                         
Bull                                178                                         
Everett                             178                                         
Marlow                              179                                         
Davies                              179                                         
Tucker                              179                                         
Partners                            180                                         
Russell                             183                                         
Weiss                               185                                         
McEwen                              185                                         
Mallin                              187                                         
Abel                                188                                         

LAST_NAME                 MONTHS_WORKED                                         
------------------------- -------------                                         
Sully                               190                                         
Hartstein                           190                                         
King                                191                                         
Sarchand                            191                                         
Bell                                191                                         
Rajs                                194                                         
Whalen                              195                                         
King                                198                                         
Ladwig                              198                                         
Khoo                                199                                         
Kaufling                            200                                         

LAST_NAME                 MONTHS_WORKED                                         
------------------------- -------------                                         
Raphaely                            205                                         
Greenberg                           208                                         
Faviet                              209                                         
Gietz                               211                                         
Mavris                              211                                         
Baer                                211                                         
Higgins                             211                                         
De Haan                             228                                         

107 rows selected.

SQL> select last_name||' earns '||salary||' monthly but wants '||salary * 3 as "Dream Salaries" from employees;

Dream Salaries                                                                  
--------------------------------------------------------------------------------
King earns 24000 monthly but wants 72000                                        
Kochhar earns 17000 monthly but wants 51000                                     
De Haan earns 17000 monthly but wants 51000                                     
Hunold earns 9000 monthly but wants 27000                                       
Ernst earns 6000 monthly but wants 18000                                        
Austin earns 4800 monthly but wants 14400                                       
Pataballa earns 4800 monthly but wants 14400                                    
Lorentz earns 4200 monthly but wants 12600                                      
Greenberg earns 12008 monthly but wants 36024                                   
Faviet earns 9000 monthly but wants 27000                                       
Chen earns 8200 monthly but wants 24600                                         

Dream Salaries                                                                  
--------------------------------------------------------------------------------
Sciarra earns 7700 monthly but wants 23100                                      
Urman earns 7800 monthly but wants 23400                                        
Popp earns 6900 monthly but wants 20700                                         
Raphaely earns 11000 monthly but wants 33000                                    
Khoo earns 3100 monthly but wants 9300                                          
Baida earns 2900 monthly but wants 8700                                         
Tobias earns 2800 monthly but wants 8400                                        
Himuro earns 2600 monthly but wants 7800                                        
Colmenares earns 2500 monthly but wants 7500                                    
Weiss earns 8000 monthly but wants 24000                                        
Fripp earns 8200 monthly but wants 24600                                        

Dream Salaries                                                                  
--------------------------------------------------------------------------------
Kaufling earns 7900 monthly but wants 23700                                     
Vollman earns 6500 monthly but wants 19500                                      
Mourgos earns 5800 monthly but wants 17400                                      
Nayer earns 3200 monthly but wants 9600                                         
Mikkilineni earns 2700 monthly but wants 8100                                   
Landry earns 2400 monthly but wants 7200                                        
Markle earns 2200 monthly but wants 6600                                        
Bissot earns 3300 monthly but wants 9900                                        
Atkinson earns 2800 monthly but wants 8400                                      
Marlow earns 2500 monthly but wants 7500                                        
Olson earns 2100 monthly but wants 6300                                         

Dream Salaries                                                                  
--------------------------------------------------------------------------------
Mallin earns 3300 monthly but wants 9900                                        
Rogers earns 2900 monthly but wants 8700                                        
Gee earns 2400 monthly but wants 7200                                           
Philtanker earns 2200 monthly but wants 6600                                    
Ladwig earns 3600 monthly but wants 10800                                       
Stiles earns 3200 monthly but wants 9600                                        
Seo earns 2700 monthly but wants 8100                                           
Patel earns 2500 monthly but wants 7500                                         
Rajs earns 3500 monthly but wants 10500                                         
Davies earns 3100 monthly but wants 9300                                        
Matos earns 2600 monthly but wants 7800                                         

Dream Salaries                                                                  
--------------------------------------------------------------------------------
Vargas earns 2500 monthly but wants 7500                                        
Russell earns 14000 monthly but wants 42000                                     
Partners earns 13500 monthly but wants 40500                                    
Errazuriz earns 12000 monthly but wants 36000                                   
Cambrault earns 11000 monthly but wants 33000                                   
Zlotkey earns 10500 monthly but wants 31500                                     
Tucker earns 10000 monthly but wants 30000                                      
Bernstein earns 9500 monthly but wants 28500                                    
Hall earns 9000 monthly but wants 27000                                         
Olsen earns 8000 monthly but wants 24000                                        
Cambrault earns 7500 monthly but wants 22500                                    

Dream Salaries                                                                  
--------------------------------------------------------------------------------
Tuvault earns 7000 monthly but wants 21000                                      
King earns 10000 monthly but wants 30000                                        
Sully earns 9500 monthly but wants 28500                                        
McEwen earns 9000 monthly but wants 27000                                       
Smith earns 8000 monthly but wants 24000                                        
Doran earns 7500 monthly but wants 22500                                        
Sewall earns 7000 monthly but wants 21000                                       
Vishney earns 10500 monthly but wants 31500                                     
Greene earns 9500 monthly but wants 28500                                       
Marvins earns 7200 monthly but wants 21600                                      
Lee earns 6800 monthly but wants 20400                                          

Dream Salaries                                                                  
--------------------------------------------------------------------------------
Ande earns 6400 monthly but wants 19200                                         
Banda earns 6200 monthly but wants 18600                                        
Ozer earns 11500 monthly but wants 34500                                        
Bloom earns 10000 monthly but wants 30000                                       
Fox earns 9600 monthly but wants 28800                                          
Smith earns 7400 monthly but wants 22200                                        
Bates earns 7300 monthly but wants 21900                                        
Kumar earns 6100 monthly but wants 18300                                        
Abel earns 11000 monthly but wants 33000                                        
Hutton earns 8800 monthly but wants 26400                                       
Taylor earns 8600 monthly but wants 25800                                       

Dream Salaries                                                                  
--------------------------------------------------------------------------------
Livingston earns 8400 monthly but wants 25200                                   
Grant earns 7000 monthly but wants 21000                                        
Johnson earns 6200 monthly but wants 18600                                      
Taylor earns 3200 monthly but wants 9600                                        
Fleaur earns 3100 monthly but wants 9300                                        
Sullivan earns 2500 monthly but wants 7500                                      
Geoni earns 2800 monthly but wants 8400                                         
Sarchand earns 4200 monthly but wants 12600                                     
Bull earns 4100 monthly but wants 12300                                         
Dellinger earns 3400 monthly but wants 10200                                    
Cabrio earns 3000 monthly but wants 9000                                        

Dream Salaries                                                                  
--------------------------------------------------------------------------------
Chung earns 3800 monthly but wants 11400                                        
Dilly earns 3600 monthly but wants 10800                                        
Gates earns 2900 monthly but wants 8700                                         
Perkins earns 2500 monthly but wants 7500                                       
Bell earns 4000 monthly but wants 12000                                         
Everett earns 3900 monthly but wants 11700                                      
McCain earns 3200 monthly but wants 9600                                        
Jones earns 2800 monthly but wants 8400                                         
Walsh earns 3100 monthly but wants 9300                                         
Feeney earns 3000 monthly but wants 9000                                        
OConnell earns 2600 monthly but wants 7800                                      

Dream Salaries                                                                  
--------------------------------------------------------------------------------
Grant earns 2600 monthly but wants 7800                                         
Whalen earns 4400 monthly but wants 13200                                       
Hartstein earns 13000 monthly but wants 39000                                   
Fay earns 6000 monthly but wants 18000                                          
Mavris earns 6500 monthly but wants 19500                                       
Baer earns 10000 monthly but wants 30000                                        
Higgins earns 12008 monthly but wants 36024                                     
Gietz earns 8300 monthly but wants 24900                                        

107 rows selected.

SQL> select last_name, lpad(salary, '$') as salary from employees;
select last_name, lpad(salary, '$') as salary from employees
                               *
ERROR at line 1:
ORA-01722: invalid number 


SQL> select last_name, lpad(salary, to_number('$')) as salary from employees;
select last_name, lpad(salary, to_number('$')) as salary from employees
                                         *
ERROR at line 1:
ORA-01722: invalid number 


SQL> select last_name, lpad(to_char(salary), '$') as salary from employees;
select last_name, lpad(to_char(salary), '$') as salary from employees
                                        *
ERROR at line 1:
ORA-01722: invalid number 


SQL> select last_name, lpad(salary, 12, '$') as salary from employees;

LAST_NAME                 SALARY                                                
------------------------- ------------                                          
King                      $$$$$$$24000                                          
Kochhar                   $$$$$$$17000                                          
De Haan                   $$$$$$$17000                                          
Hunold                    $$$$$$$$9000                                          
Ernst                     $$$$$$$$6000                                          
Austin                    $$$$$$$$4800                                          
Pataballa                 $$$$$$$$4800                                          
Lorentz                   $$$$$$$$4200                                          
Greenberg                 $$$$$$$12008                                          
Faviet                    $$$$$$$$9000                                          
Chen                      $$$$$$$$8200                                          

LAST_NAME                 SALARY                                                
------------------------- ------------                                          
Sciarra                   $$$$$$$$7700                                          
Urman                     $$$$$$$$7800                                          
Popp                      $$$$$$$$6900                                          
Raphaely                  $$$$$$$11000                                          
Khoo                      $$$$$$$$3100                                          
Baida                     $$$$$$$$2900                                          
Tobias                    $$$$$$$$2800                                          
Himuro                    $$$$$$$$2600                                          
Colmenares                $$$$$$$$2500                                          
Weiss                     $$$$$$$$8000                                          
Fripp                     $$$$$$$$8200                                          

LAST_NAME                 SALARY                                                
------------------------- ------------                                          
Kaufling                  $$$$$$$$7900                                          
Vollman                   $$$$$$$$6500                                          
Mourgos                   $$$$$$$$5800                                          
Nayer                     $$$$$$$$3200                                          
Mikkilineni               $$$$$$$$2700                                          
Landry                    $$$$$$$$2400                                          
Markle                    $$$$$$$$2200                                          
Bissot                    $$$$$$$$3300                                          
Atkinson                  $$$$$$$$2800                                          
Marlow                    $$$$$$$$2500                                          
Olson                     $$$$$$$$2100                                          

LAST_NAME                 SALARY                                                
------------------------- ------------                                          
Mallin                    $$$$$$$$3300                                          
Rogers                    $$$$$$$$2900                                          
Gee                       $$$$$$$$2400                                          
Philtanker                $$$$$$$$2200                                          
Ladwig                    $$$$$$$$3600                                          
Stiles                    $$$$$$$$3200                                          
Seo                       $$$$$$$$2700                                          
Patel                     $$$$$$$$2500                                          
Rajs                      $$$$$$$$3500                                          
Davies                    $$$$$$$$3100                                          
Matos                     $$$$$$$$2600                                          

LAST_NAME                 SALARY                                                
------------------------- ------------                                          
Vargas                    $$$$$$$$2500                                          
Russell                   $$$$$$$14000                                          
Partners                  $$$$$$$13500                                          
Errazuriz                 $$$$$$$12000                                          
Cambrault                 $$$$$$$11000                                          
Zlotkey                   $$$$$$$10500                                          
Tucker                    $$$$$$$10000                                          
Bernstein                 $$$$$$$$9500                                          
Hall                      $$$$$$$$9000                                          
Olsen                     $$$$$$$$8000                                          
Cambrault                 $$$$$$$$7500                                          

LAST_NAME                 SALARY                                                
------------------------- ------------                                          
Tuvault                   $$$$$$$$7000                                          
King                      $$$$$$$10000                                          
Sully                     $$$$$$$$9500                                          
McEwen                    $$$$$$$$9000                                          
Smith                     $$$$$$$$8000                                          
Doran                     $$$$$$$$7500                                          
Sewall                    $$$$$$$$7000                                          
Vishney                   $$$$$$$10500                                          
Greene                    $$$$$$$$9500                                          
Marvins                   $$$$$$$$7200                                          
Lee                       $$$$$$$$6800                                          

LAST_NAME                 SALARY                                                
------------------------- ------------                                          
Ande                      $$$$$$$$6400                                          
Banda                     $$$$$$$$6200                                          
Ozer                      $$$$$$$11500                                          
Bloom                     $$$$$$$10000                                          
Fox                       $$$$$$$$9600                                          
Smith                     $$$$$$$$7400                                          
Bates                     $$$$$$$$7300                                          
Kumar                     $$$$$$$$6100                                          
Abel                      $$$$$$$11000                                          
Hutton                    $$$$$$$$8800                                          
Taylor                    $$$$$$$$8600                                          

LAST_NAME                 SALARY                                                
------------------------- ------------                                          
Livingston                $$$$$$$$8400                                          
Grant                     $$$$$$$$7000                                          
Johnson                   $$$$$$$$6200                                          
Taylor                    $$$$$$$$3200                                          
Fleaur                    $$$$$$$$3100                                          
Sullivan                  $$$$$$$$2500                                          
Geoni                     $$$$$$$$2800                                          
Sarchand                  $$$$$$$$4200                                          
Bull                      $$$$$$$$4100                                          
Dellinger                 $$$$$$$$3400                                          
Cabrio                    $$$$$$$$3000                                          

LAST_NAME                 SALARY                                                
------------------------- ------------                                          
Chung                     $$$$$$$$3800                                          
Dilly                     $$$$$$$$3600                                          
Gates                     $$$$$$$$2900                                          
Perkins                   $$$$$$$$2500                                          
Bell                      $$$$$$$$4000                                          
Everett                   $$$$$$$$3900                                          
McCain                    $$$$$$$$3200                                          
Jones                     $$$$$$$$2800                                          
Walsh                     $$$$$$$$3100                                          
Feeney                    $$$$$$$$3000                                          
OConnell                  $$$$$$$$2600                                          

LAST_NAME                 SALARY                                                
------------------------- ------------                                          
Grant                     $$$$$$$$2600                                          
Whalen                    $$$$$$$$4400                                          
Hartstein                 $$$$$$$13000                                          
Fay                       $$$$$$$$6000                                          
Mavris                    $$$$$$$$6500                                          
Baer                      $$$$$$$10000                                          
Higgins                   $$$$$$$12008                                          
Gietz                     $$$$$$$$8300                                          

107 rows selected.

SQL> spool off;
